Failed to import warp: No module named 'warp'
Failed to import mujoco_warp: No module named 'warp'
/home/theerawit/Pupper_animation-combine/mujoco_playground/.venv/lib/python3.12/site-packages/brax/io/mjcf.py:480: UserWarning: Brax System, piplines and environments are not actively being maintained. Please see MJX for a well maintained JAX-based physics engine: https://github.com/google-deepmind/mujoco/tree/main/mjx. For a host of environments that use MJX, see: https://github.com/google-deepmind/mujoco_playground.
  warnings.warn(
audit stage 0 completed [0, 0, 0, 0]
audit stage 1 completed [31, 24, 0, 0]
audit stage 2 completed [31, 24, 0, 0]
audit stage 3 completed [63, 51, 0, 0]
audit stage 4 completed [63, 51, 0, 0]
audit stage 5 completed [63, 51, 32, 9]
audit stage 6 completed [63, 51, 32, 9]
audit stage 7 completed [63, 51, 64, 27]
audit stage 8 completed [63, 51, 64, 27]
{
  "params": "mujoco_playground/workspace/hybrid_results/attempt1_corrected/mjx_params",
  "num_envs": 64,
  "seed": 20260908,
  "physics": "nominal",
  "slew_rate": 0.25,
  "sequence_seconds": 90,
  "all_four_success_count": 20,
  "all_four_success_fraction": 0.3125,
  "survival_fraction": 1.0,
  "strict_success_count": 20,
  "fall_count": 0,
  "unsafe_rotation_count": 0,
  "per_leg_completed": {
    "front_r": 63,
    "front_l": 51,
    "back_r": 64,
    "back_l": 27
  },
  "drift_p95": 0.03473931550979614,
  "drift_max": 0.04708324000239372,
  "held_error_p95": 0.03624238446354866,
  "held_error_mean": 0.018190445378422737,
  "snapshot_hold_error_p95": 0.041368983685970306,
  "held_samples": 482117,
  "final_calibrated_error_p95": 1.1935923099517822,
  "completed_only_success_count": 20,
  "thresholds": {
    "calibrated_error_rad": 0.1,
    "final_speed_rad_s": 0.25,
    "strict_error_rad": 0.06,
    "settle_error_rad": 0.035,
    "settle_speed_rad_s": 0.08,
    "settle_dwell_s": 0.5,
    "min_rotate_clearance_m": 0.005
  }
}
