Failed to import warp: No module named 'warp'
Failed to import mujoco_warp: No module named 'warp'
/home/theerawit/Pupper_animation-combine/mujoco_playground/.venv/lib/python3.12/site-packages/brax/io/mjcf.py:480: UserWarning: Brax System, piplines and environments are not actively being maintained. Please see MJX for a well maintained JAX-based physics engine: https://github.com/google-deepmind/mujoco/tree/main/mjx. For a host of environments that use MJX, see: https://github.com/google-deepmind/mujoco_playground.
  warnings.warn(
PASS: 8 actions, 51 hardware observations, persistent calibration, wrap invariance, interruption, active holds, mixed DR, JIT physics
{
  "invariants": "passed",
  "slew_experiment": [
    {
      "slew_rad_s": 0.25,
      "peak_reaction_torque_nm": 0.001847975873951524,
      "peak_wheel_speed_rad_s": 0.2500012579341522,
      "settled_seconds": 13.644
    },
    {
      "slew_rad_s": 0.5,
      "peak_reaction_torque_nm": 0.004341617034429174,
      "peak_wheel_speed_rad_s": 0.4999468612824012,
      "settled_seconds": 7.836
    },
    {
      "slew_rad_s": 1.0,
      "peak_reaction_torque_nm": 0.009263024270449005,
      "peak_wheel_speed_rad_s": 0.989620203187929,
      "settled_seconds": 5.164
    },
    {
      "slew_rad_s": 10.0,
      "peak_reaction_torque_nm": 0.037665756473398315,
      "peak_wheel_speed_rad_s": 1.9462655663019708,
      "settled_seconds": 3.488
    }
  ],
  "chosen_slew": 0.25,
  "scope": "isolated actuator reaction; balance evaluated after training"
}
