Failed to import warp: No module named 'warp'
Failed to import mujoco_warp: No module named 'warp'
wandb: [wandb.login()] Loaded credentials for https://api.wandb.ai from /home/theerawit/.netrc.
wandb: Currently logged in as: tundt (QuadMorph) to https://api.wandb.ai. Use `wandb login --relogin` to force relogin
wandb: Tracking run with wandb version 0.29.0
wandb: Run data is saved locally in /home/theerawit/Pupper_animation-align-hybrid/wandb/run-20260908_203200-486wowtn
wandb: Run `wandb offline` to turn off syncing.
wandb: Syncing run wheel-align-hybrid_2026-09-08_20-31-59
wandb: ⭐️ View project at https://wandb.ai/QuadMorph/wheel-leg%20lift%20and%20align%20triangle%20base
wandb: 🚀 View run at https://wandb.ai/QuadMorph/wheel-leg%20lift%20and%20align%20triangle%20base/runs/486wowtn
OUTPUT mujoco_playground/workspace/hybrid_results/attempt1 DEVICES [CudaDevice(id=0)]
/home/theerawit/Pupper_animation-combine/mujoco_playground/.venv/lib/python3.12/site-packages/brax/io/mjcf.py:480: UserWarning: Brax System, piplines and environments are not actively being maintained. Please see MJX for a well maintained JAX-based physics engine: https://github.com/google-deepmind/mujoco/tree/main/mjx. For a host of environments that use MJX, see: https://github.com/google-deepmind/mujoco_playground.
  warnings.warn(
2026-09-08 20:32:24.246954: W external/xla/xla/service/gpu/autotuning/dot_search_space.cc:200] All configs were filtered out because none of them sufficiently match the hints. Maybe the hints set does not contain a good representative set of valid configs?Working around this by using the full hints set instead.
2026-09-08 20:32:24.246979: W external/xla/xla/service/gpu/autotuning/dot_search_space.cc:200] All configs were filtered out because none of them sufficiently match the hints. Maybe the hints set does not contain a good representative set of valid configs?Working around this by using the full hints set instead.
2026-09-08 20:32:24.246984: W external/xla/xla/service/gpu/autotuning/dot_search_space.cc:200] All configs were filtered out because none of them sufficiently match the hints. Maybe the hints set does not contain a good representative set of valid configs?Working around this by using the full hints set instead.
2026-09-08 20:32:24.246990: W external/xla/xla/service/gpu/autotuning/dot_search_space.cc:200] All configs were filtered out because none of them sufficiently match the hints. Maybe the hints set does not contain a good representative set of valid configs?Working around this by using the full hints set instead.
2026-09-08 20:32:24.246994: W external/xla/xla/service/gpu/autotuning/dot_search_space.cc:200] All configs were filtered out because none of them sufficiently match the hints. Maybe the hints set does not contain a good representative set of valid configs?Working around this by using the full hints set instead.
Traceback (most recent call last):
  File "<frozen runpy>", line 198, in _run_module_as_main
  File "<frozen runpy>", line 88, in _run_code
  File "/home/theerawit/Pupper_animation-align-hybrid/mujoco_playground/workspace/hybrid_train.py", line 66, in <module>
    if __name__=='__main__':main()
                            ^^^^^^
  File "/home/theerawit/Pupper_animation-align-hybrid/mujoco_playground/workspace/hybrid_train.py", line 60, in main
    _,params,_=train.train(TrainingEnv(),**cfg,network_factory=network_factory(),randomization_fn=randomization(),
               ^^^^^^^^^^^^^^^^^^^^^^^^^^^^^^^^^^^^^^^^^^^^^^^^^^^^^^^^^^^^^^^^^^^^^^^^^^^^^^^^^^^^^^^^^^^^^^^^^^^
  File "/home/theerawit/Pupper_animation-combine/mujoco_playground/.venv/lib/python3.12/site-packages/brax/training/agents/ppo/train.py", line 787, in train
    metrics = evaluator.run_evaluation(
              ^^^^^^^^^^^^^^^^^^^^^^^^^
  File "/home/theerawit/Pupper_animation-combine/mujoco_playground/.venv/lib/python3.12/site-packages/brax/training/acting.py", line 146, in run_evaluation
    eval_state = self._generate_eval_unroll(
                 ^^^^^^^^^^^^^^^^^^^^^^^^^^^
  File "/home/theerawit/Pupper_animation-combine/mujoco_playground/.venv/lib/python3.12/site-packages/brax/training/acting.py", line 123, in generate_eval_unroll
    return generate_unroll(
           ^^^^^^^^^^^^^^^^
  File "/home/theerawit/Pupper_animation-combine/mujoco_playground/.venv/lib/python3.12/site-packages/brax/training/acting.py", line 73, in generate_unroll
    (final_state, _), data = jax.lax.scan(
                             ^^^^^^^^^^^^^
  File "/home/theerawit/Pupper_animation-combine/mujoco_playground/.venv/lib/python3.12/site-packages/brax/training/acting.py", line 67, in f
    nstate, transition = actor_step(
                         ^^^^^^^^^^^
  File "/home/theerawit/Pupper_animation-combine/mujoco_playground/.venv/lib/python3.12/site-packages/brax/training/acting.py", line 42, in actor_step
    nstate = env.step(env_state, actions)
             ^^^^^^^^^^^^^^^^^^^^^^^^^^^^
  File "/home/theerawit/Pupper_animation-combine/mujoco_playground/.venv/lib/python3.12/site-packages/brax/envs/wrappers/training.py", line 200, in step
    nstate = self.env.step(state, action)
             ^^^^^^^^^^^^^^^^^^^^^^^^^^^^
  File "/home/theerawit/Pupper_animation-combine/mujoco_playground/.venv/lib/python3.12/site-packages/brax/envs/wrappers/training.py", line 144, in step
    state = self.env.step(state, action)
            ^^^^^^^^^^^^^^^^^^^^^^^^^^^^
  File "/home/theerawit/Pupper_animation-combine/mujoco_playground/.venv/lib/python3.12/site-packages/brax/envs/wrappers/training.py", line 103, in step
    state, rewards = jax.lax.scan(f, state, (), self.action_repeat)
                     ^^^^^^^^^^^^^^^^^^^^^^^^^^^^^^^^^^^^^^^^^^^^^^
TypeError: scan body function carry input and carry output must have the same pytree structure, but they differ:

The input carry component state.metrics is a <class 'dict'> with 17 children but the corresponding component of the carry output is a <class 'dict'> with 16 children, so the numbers of children do not match, with the symmetric difference of key sets: {'reward'}.

Revise the function so that the carry output has the same pytree structure as the carry input.
--------------------
For simplicity, JAX has removed its internal frames from the traceback of the following exception. Set JAX_TRACEBACK_FILTERING=off to include these.
[1;34mwandb[0m: 
[1;34mwandb[0m: 🚀 View run [33mwheel-align-hybrid_2026-09-08_20-31-59[0m at: [34mhttps://wandb.ai/QuadMorph/wheel-leg%20lift%20and%20align%20triangle%20base/runs/486wowtn[0m
[1;34mwandb[0m: Find logs at: [1;35mwandb/run-20260908_203200-486wowtn/logs[0m
