wandb: [wandb.login()] Loaded credentials for https://api.wandb.ai from /home/theerawit/.netrc.
wandb: Currently logged in as: tundt (QuadMorph) to https://api.wandb.ai. Use `wandb login --relogin` to force relogin
wandb: setting up run 32b04cbe0e5e43d8
wandb: Tracking run with wandb version 0.30.0
wandb: Run data is saved locally in /tmp/pupper-triangle-robustness-20260912/runs/inverted_triangle/landing-v1/wandb/run-20260912_132217-32b04cbe0e5e43d8
wandb: Run `wandb offline` to turn off syncing.
wandb: Resuming run landing-v1
wandb: ⭐️ View project at https://wandb.ai/QuadMorph/wheel-leg%20lift%20and%20align%20triangle%20base
wandb: 🚀 View run at https://wandb.ai/QuadMorph/wheel-leg%20lift%20and%20align%20triangle%20base/runs/32b04cbe0e5e43d8
{
  "status": "PASS_NOMINAL_SINGLE_FLIP",
  "leg": "front_l",
  "seed": 0,
  "friction": 0.8,
  "landing_delta": 0.0,
  "direction": -1,
  "model_sha256": "768cbeb0bfbaab0c898e6078d0b778ee2968718d98bdb2857e13538daeb607a8",
  "candidate_sha256": "f553eca429f5d38cadf4f60d2b48bd32e20cec779a80c08dd2c721573746a60e",
  "source_commit": "fc348333dd70b3cceeaaaf55f30395578f9264a1",
  "source_dirty": false,
  "source_hashes": {
    "robust_search.py": "ff7a87892233162f8f37d7414c5ecb96d6488fb0fd720db856f52e59259306ef",
    "review_replay.py": "f77914ea6e010455a3409127843598b735e3250b8cc17e5da9dc49d136f0aa25",
    "build_model.py": "e5610e3e6cef6d925126231ab47e8e9aaada2e90c5c0fa2c2ca7d0d4ce718875",
    "search_flip.py": "1df8d059fec6d40185b27a108a2d12ba3b5e75922e63ee535600f4b0a02d8335",
    "__init__.py": "3703e5fa655d1cbf26ee959451b519e5301d5cb0e6c397857b931288db202aa1",
    "extended_search.py": "a163347e0d620e978d8cb82529ca9f516cee83e0d2d2ea1e06a956175c21920e",
    "sequence.py": "0b58becca853b3c069460f3a059253fa711baecf3c072d7e73cad59a87a52a9f",
    "core.py": "c9d9516b9c33e6a6c06ee3a3031c6a77c3eb5115caf0a9f92d580fb5031278ee",
    "check_wheel_clearance.py": "d3ac6cfed37be76d523e79a65d50c17d6dd952d196c478cbd11344ed5e7c5116",
    "simulate.py": "39115651afe57846e373bc863335b98602e88b89774d7c59200ec2ced7f15237",
    "experiment.py": "a5c348c0278541b7d81d6df4e61fdaa37158fea871207d35a385b6c745785bac",
    "search_lift.py": "15d27e0443e65fc607c3c20cfe156c41befe9355b20d4983bf418be90d4dfe61",
    "robustness.py": "af3d891d40c94e4c301917da443eefc64a520bdf8c3c9a75f9b8b0107a1a66e6",
    "clearance.py": "65ba712a9bf3261ee11eaaa3fae4444336731153c2bbe2927b8707e5c954de9a",
    "test_model.py": "e45004e256eed70201a23576dae42204ecb560e2ddd7fa3b1bde1e176f1dea50",
    "model.xml": "768cbeb0bfbaab0c898e6078d0b778ee2968718d98bdb2857e13538daeb607a8",
    "source_manifest.json": "13e573f6f0e2e0237fd92dea41c4e9817d9e8a5f707b28dd30fe33d35568dd35",
    "requirements.txt": "e5b7a57890d64abfb4f88737b8ee0b0b8dae458807dced6f43d009bfeeb7b147",
    "requirements.lock.txt": "18504a2fd27ad085db0f51f0502d8df143ce8304147e7f5d94968c5601951b9c"
  },
  "simulation_only": true,
  "heating": false,
  "minimum_rotation_floor_m": 0.010479311690035444,
  "minimum_cad_gap_m": 0.003840211629430274,
  "cad_intersections": [],
  "max_tilt_deg": 6.183049858537368,
  "peak_requested_torque_Nm": 0.9155500960824287,
  "minimum_support_force_N": 2.5331577015579834,
  "maximum_rotation_contact_N": 0.0,
  "peak_landing_descent_m_s": 0.008253891218911801,
  "maximum_unintended_floor_force_N": 0.0,
  "maximum_command_speed_ratio": 0.9999725726073747,
  "early_termination": null,
  "scenario": {},
  "effective_dynamics": {
    "mass_scale": 1.0,
    "base_com_offset_m": [
      0.0,
      0.0,
      0.0
    ],
    "kp_scale": 1.0,
    "kd_scale": 1.0,
    "torque_limit_Nm": 3.0,
    "delay_steps": 0
  },
  "environment": {
    "python": "3.12.3",
    "platform": "Linux-6.17.0-35-generic-x86_64-with-glibc2.39",
    "packages": {
      "numpy": "2.2.6",
      "scipy": "1.16.2",
      "mujoco": "3.3.7",
      "trimesh": "4.8.3",
      "python-fcl": "0.7.0.11",
      "wandb": "0.30.0"
    }
  },
  "continued_from_state": true,
  "cad_sample_period_s": 0.1,
  "physics_sample_period_s": 0.025,
  "first_sampled_gate_violation": null,
  "minimum_cad_sample": {
    "time_s": 89.04038461540394,
    "phase": "body_shift",
    "nearest_pair": [
      "leg_front_l_1",
      "leg_front_l_3"
    ]
  },
  "simulation_start_time_s": 86.04038461540325,
  "start_state_sha256": "a38e670505b4f9bcadcb2fec3ce491b868782056f2bbdbec9d3d1becb455fb3f",
  "final_normal_force_N": [
    6.459502206570802,
    7.046608462032607,
    10.088962048894082,
    7.705940984285062
  ],
  "final_hub_error_rad": 0.008944369807361907,
  "final_speed_rad_s": 0.006486920321110999,
  "final_tip_bottom_m": [
    0.0010882645246028042,
    -2.190325877943905e-05,
    0.0008331779550305243,
    -2.4262354282079956e-05
  ],
  "environment_steps": 21469,
  "final_gate_violations": {},
  "gates": {
    "completed": true,
    "rotation_floor": true,
    "three_supports": true,
    "no_rotation_contact": true,
    "no_other_floor_support": true,
    "command_speed": true,
    "cad_checked": true,
    "collision_clear": true,
    "tilt": true,
    "torque": true,
    "planted": true,
    "hub_angle": true,
    "settled": true,
    "gentle_landing": true,
    "final_four_supports": true,
    "planted_on_long_tip": true
  },
  "end_state_sha256": "d6e05c37e7b0289fe15a4fde50f571ab9ef066eb5a3f7f7909e83526ceaff05d"
}
wandb: uploading artifact sensitivity-search-32b04cbe0e5e43d8; updating run metadata
wandb: uploading artifact sensitivity-search-32b04cbe0e5e43d8
wandb: 
wandb: Run history:
wandb: environment_steps_lower_bound ▁
wandb:               train/env_steps ▁▁
wandb: 
wandb: Run summary:
wandb: environment_steps_are_lower_bound True
wandb:     environment_steps_lower_bound 30706989
wandb:                hardware_validated False
wandb:                     last_env_step 30706989
wandb:               policy_video_status logged
wandb:      search_intentionally_stopped True
wandb:           simulation_audit_status PASS_NOMINAL_SINGLE_...
wandb:                   train/env_steps 30706989
wandb: 
wandb: 🚀 View run landing-v1 at: https://wandb.ai/QuadMorph/wheel-leg%20lift%20and%20align%20triangle%20base/runs/32b04cbe0e5e43d8
wandb: ⭐️ View project at: https://wandb.ai/QuadMorph/wheel-leg%20lift%20and%20align%20triangle%20base
wandb: Synced 5 W&B file(s), 1 media file(s), 16 artifact file(s) and 0 other file(s)
wandb: Find logs at: ./runs/inverted_triangle/landing-v1/wandb/run-20260912_132217-32b04cbe0e5e43d8/logs
